// Jest Snapshot v1, https://goo.gl/fbAQLP

exports[`Simplified FilledTextField Matches snapshot 1`] = `ReactWrapper {}`;

exports[`Simplified MultiTextField Matches snapshot 1`] = `ReactWrapper {}`;

exports[`Simplified OutlinedTextField Matches snapshot 1`] = `ReactWrapper {}`;

exports[`Simplified TextField Matches snapshot 1`] = `ReactWrapper {}`;
